2025-06-17 08:17:43,601 [INFO] [FACTORY] Initializing MOCK UART interface...
2025-06-17 08:17:44,711 [DEBUG] [COMMAND] SERIALIZED | CMD_ID: 3 | PARAM_LEN: 4
2025-06-17 08:17:44,713 [INFO] [COMMAND] SENT | TAKEOFF(30) -> DST: 255
2025-06-17 08:17:44,763 [INFO] [ROUTER] RECEIVED | FRAME_TYPE='C' | SRC: 1 -> DST: 255
2025-06-17 08:17:44,764 [INFO] [ROUTER] DISPATCHED | FRAME_TYPE='C' | HANDLER: handle_command
2025-06-17 08:17:44,765 [DEBUG] [COMMAND] DESERIALIZED | CMD_ID: 3 | PARAM_LEN: 4
2025-06-17 08:17:44,765 [INFO] [COMMAND] RECEIVED | CMD: 3 (TAKEOFF) FROM SRC: 1 | PRM: 41f00000
2025-06-17 08:17:44,765 [INFO] [COMMAND] SENT | CMD: TAKEOFF | ALT: 30.00 m
2025-06-17 08:17:44,766 [DEBUG] [ACK] SERIALIZED | TYPE: ACK | CMD: TAKEOFF | STATUS: SUCCESS
2025-06-17 08:17:44,768 [INFO] [ACK] SENT | CMD_ID: 3 -> DST: 1 | STATUS: SUCCESS
2025-06-17 08:17:44,820 [INFO] [ROUTER] RECEIVED | FRAME_TYPE='A' | SRC: 1 -> DST: 1
2025-06-17 08:17:44,826 [INFO] [ROUTER] DISPATCHED | FRAME_TYPE='A' | HANDLER: handle_ack
2025-06-17 08:17:44,826 [DEBUG] [ACK] RAW PAYLOAD: aa0300
2025-06-17 08:17:44,827 [DEBUG] [ACK] DESERIALIZED | TYPE: ACK | CMD: TAKEOFF | STATUS: SUCCESS
2025-06-17 08:17:44,828 [INFO] [ACK] RECEIVED | TYPE: ACK | CMD: TAKEOFF | STATUS: SUCCESS | SRC: 1 -> DST: 1
2025-06-17 08:17:47,640 [DEBUG] [COMMAND] SERIALIZED | CMD_ID: 3 | PARAM_LEN: 4
2025-06-17 08:17:47,642 [INFO] [COMMAND] SENT | TAKEOFF(30) -> DST: 255
2025-06-17 08:17:47,658 [INFO] [ROUTER] RECEIVED | FRAME_TYPE='C' | SRC: 1 -> DST: 255
2025-06-17 08:17:47,659 [INFO] [ROUTER] DISPATCHED | FRAME_TYPE='C' | HANDLER: handle_command
2025-06-17 08:17:47,659 [DEBUG] [COMMAND] DESERIALIZED | CMD_ID: 3 | PARAM_LEN: 4
2025-06-17 08:17:47,660 [INFO] [COMMAND] RECEIVED | CMD: 3 (TAKEOFF) FROM SRC: 1 | PRM: 41f00000
2025-06-17 08:17:47,661 [INFO] [COMMAND] SENT | CMD: TAKEOFF | ALT: 30.00 m
2025-06-17 08:17:47,672 [DEBUG] [ACK] SERIALIZED | TYPE: ACK | CMD: TAKEOFF | STATUS: SUCCESS
2025-06-17 08:17:47,673 [INFO] [ACK] SENT | CMD_ID: 3 -> DST: 1 | STATUS: SUCCESS
2025-06-17 08:17:47,725 [INFO] [ROUTER] RECEIVED | FRAME_TYPE='A' | SRC: 1 -> DST: 1
2025-06-17 08:17:47,725 [INFO] [ROUTER] DISPATCHED | FRAME_TYPE='A' | HANDLER: handle_ack
2025-06-17 08:17:47,725 [DEBUG] [ACK] RAW PAYLOAD: aa0300
2025-06-17 08:17:47,725 [DEBUG] [ACK] DESERIALIZED | TYPE: ACK | CMD: TAKEOFF | STATUS: SUCCESS
2025-06-17 08:17:47,725 [INFO] [ACK] RECEIVED | TYPE: ACK | CMD: TAKEOFF | STATUS: SUCCESS | SRC: 1 -> DST: 1
2025-06-17 08:17:48,348 [DEBUG] [COMMAND] SERIALIZED | CMD_ID: 3 | PARAM_LEN: 4
2025-06-17 08:17:48,349 [INFO] [COMMAND] SENT | TAKEOFF(30) -> DST: 255
2025-06-17 08:17:48,381 [INFO] [ROUTER] RECEIVED | FRAME_TYPE='C' | SRC: 1 -> DST: 255
2025-06-17 08:17:48,382 [INFO] [ROUTER] DISPATCHED | FRAME_TYPE='C' | HANDLER: handle_command
2025-06-17 08:17:48,383 [DEBUG] [COMMAND] DESERIALIZED | CMD_ID: 3 | PARAM_LEN: 4
2025-06-17 08:17:48,383 [INFO] [COMMAND] RECEIVED | CMD: 3 (TAKEOFF) FROM SRC: 1 | PRM: 41f00000
2025-06-17 08:17:48,383 [INFO] [COMMAND] SENT | CMD: TAKEOFF | ALT: 30.00 m
2025-06-17 08:17:48,384 [DEBUG] [ACK] SERIALIZED | TYPE: ACK | CMD: TAKEOFF | STATUS: SUCCESS
2025-06-17 08:17:48,384 [INFO] [ACK] SENT | CMD_ID: 3 -> DST: 1 | STATUS: SUCCESS
2025-06-17 08:17:48,436 [INFO] [ROUTER] RECEIVED | FRAME_TYPE='A' | SRC: 1 -> DST: 1
2025-06-17 08:17:48,436 [INFO] [ROUTER] DISPATCHED | FRAME_TYPE='A' | HANDLER: handle_ack
2025-06-17 08:17:48,436 [DEBUG] [ACK] RAW PAYLOAD: aa0300
2025-06-17 08:17:48,437 [DEBUG] [ACK] DESERIALIZED | TYPE: ACK | CMD: TAKEOFF | STATUS: SUCCESS
2025-06-17 08:17:48,437 [INFO] [ACK] RECEIVED | TYPE: ACK | CMD: TAKEOFF | STATUS: SUCCESS | SRC: 1 -> DST: 1
2025-06-17 08:17:49,159 [DEBUG] [COMMAND] SERIALIZED | CMD_ID: 6 | PARAM_LEN: 12
2025-06-17 08:17:49,160 [INFO] [COMMAND] SENT | GOTO(lat=37.00100, lon=35.00200, alt=50.0) -> DST: 255
2025-06-17 08:17:49,197 [INFO] [ROUTER] RECEIVED | FRAME_TYPE='C' | SRC: 1 -> DST: 255
2025-06-17 08:17:49,197 [INFO] [ROUTER] DISPATCHED | FRAME_TYPE='C' | HANDLER: handle_command
2025-06-17 08:17:49,198 [DEBUG] [COMMAND] DESERIALIZED | CMD_ID: 6 | PARAM_LEN: 12
2025-06-17 08:17:49,199 [INFO] [COMMAND] RECEIVED | CMD: 6 (GOTO) FROM SRC: 1 | PRM: 42140106420c020c42480000
2025-06-17 08:17:49,199 [INFO] [COMMAND] SENT | CMD: GOTO | TARGET: LAT=37.000999450683594, LON=35.00199890136719, ALT=50.0
2025-06-17 08:17:49,200 [DEBUG] [ACK] SERIALIZED | TYPE: ACK | CMD: GOTO | STATUS: SUCCESS
2025-06-17 08:17:49,202 [INFO] [ACK] SENT | CMD_ID: 6 -> DST: 1 | STATUS: SUCCESS
2025-06-17 08:17:49,255 [INFO] [ROUTER] RECEIVED | FRAME_TYPE='A' | SRC: 1 -> DST: 1
2025-06-17 08:17:49,255 [INFO] [ROUTER] DISPATCHED | FRAME_TYPE='A' | HANDLER: handle_ack
2025-06-17 08:17:49,256 [DEBUG] [ACK] RAW PAYLOAD: aa0600
2025-06-17 08:17:49,256 [DEBUG] [ACK] DESERIALIZED | TYPE: ACK | CMD: GOTO | STATUS: SUCCESS
2025-06-17 08:17:49,257 [INFO] [ACK] RECEIVED | TYPE: ACK | CMD: GOTO | STATUS: SUCCESS | SRC: 1 -> DST: 1
2025-06-17 08:17:50,271 [DEBUG] [COMMAND] SERIALIZED | CMD_ID: 6 | PARAM_LEN: 12
2025-06-17 08:17:50,284 [INFO] [COMMAND] SENT | GOTO(lat=37.00100, lon=35.00200, alt=50.0) -> DST: 255
2025-06-17 08:17:50,319 [INFO] [ROUTER] RECEIVED | FRAME_TYPE='C' | SRC: 1 -> DST: 255
2025-06-17 08:17:50,320 [INFO] [ROUTER] DISPATCHED | FRAME_TYPE='C' | HANDLER: handle_command
2025-06-17 08:17:50,320 [DEBUG] [COMMAND] DESERIALIZED | CMD_ID: 6 | PARAM_LEN: 12
2025-06-17 08:17:50,320 [INFO] [COMMAND] RECEIVED | CMD: 6 (GOTO) FROM SRC: 1 | PRM: 42140106420c020c42480000
2025-06-17 08:17:50,320 [INFO] [COMMAND] SENT | CMD: GOTO | TARGET: LAT=37.000999450683594, LON=35.00199890136719, ALT=50.0
2025-06-17 08:17:50,320 [DEBUG] [ACK] SERIALIZED | TYPE: ACK | CMD: GOTO | STATUS: SUCCESS
2025-06-17 08:17:50,321 [INFO] [ACK] SENT | CMD_ID: 6 -> DST: 1 | STATUS: SUCCESS
2025-06-17 08:17:50,372 [INFO] [ROUTER] RECEIVED | FRAME_TYPE='A' | SRC: 1 -> DST: 1
2025-06-17 08:17:50,372 [INFO] [ROUTER] DISPATCHED | FRAME_TYPE='A' | HANDLER: handle_ack
2025-06-17 08:17:50,372 [DEBUG] [ACK] RAW PAYLOAD: aa0600
2025-06-17 08:17:50,373 [DEBUG] [ACK] DESERIALIZED | TYPE: ACK | CMD: GOTO | STATUS: SUCCESS
2025-06-17 08:17:50,373 [INFO] [ACK] RECEIVED | TYPE: ACK | CMD: GOTO | STATUS: SUCCESS | SRC: 1 -> DST: 1
2025-06-17 08:17:50,993 [DEBUG] [COMMAND] SERIALIZED | CMD_ID: 6 | PARAM_LEN: 12
2025-06-17 08:17:50,996 [INFO] [COMMAND] SENT | GOTO(lat=37.00100, lon=35.00200, alt=50.0) -> DST: 255
2025-06-17 08:17:51,029 [INFO] [ROUTER] RECEIVED | FRAME_TYPE='C' | SRC: 1 -> DST: 255
2025-06-17 08:17:51,030 [INFO] [ROUTER] DISPATCHED | FRAME_TYPE='C' | HANDLER: handle_command
2025-06-17 08:17:51,030 [DEBUG] [COMMAND] DESERIALIZED | CMD_ID: 6 | PARAM_LEN: 12
2025-06-17 08:17:51,030 [INFO] [COMMAND] RECEIVED | CMD: 6 (GOTO) FROM SRC: 1 | PRM: 42140106420c020c42480000
2025-06-17 08:17:51,030 [INFO] [COMMAND] SENT | CMD: GOTO | TARGET: LAT=37.000999450683594, LON=35.00199890136719, ALT=50.0
2025-06-17 08:17:51,030 [DEBUG] [ACK] SERIALIZED | TYPE: ACK | CMD: GOTO | STATUS: SUCCESS
2025-06-17 08:17:51,031 [INFO] [ACK] SENT | CMD_ID: 6 -> DST: 1 | STATUS: SUCCESS
2025-06-17 08:17:51,082 [INFO] [ROUTER] RECEIVED | FRAME_TYPE='A' | SRC: 1 -> DST: 1
2025-06-17 08:17:51,083 [INFO] [ROUTER] DISPATCHED | FRAME_TYPE='A' | HANDLER: handle_ack
2025-06-17 08:17:51,083 [DEBUG] [ACK] RAW PAYLOAD: aa0600
2025-06-17 08:17:51,083 [DEBUG] [ACK] DESERIALIZED | TYPE: ACK | CMD: GOTO | STATUS: SUCCESS
2025-06-17 08:17:51,083 [INFO] [ACK] RECEIVED | TYPE: ACK | CMD: GOTO | STATUS: SUCCESS | SRC: 1 -> DST: 1
